SQL> select * from PROFESOR;

       DNI P                                                                   CAR CAT                                                                                                                                                                                                                                                                                                                                                                                                                              
---------- ------------------------------------------------------------ ---------- -----                                                                                                                                                                                                                                                                                                                                                                                                                            
      1111 JUAN                                                                  6 CU                                                                                                                                                                                                                                                                                                                                                                                                                               
      2222 CARLOS                                                                7 TU                                                                                                                                                                                                                                                                                                                                                                                                                               
      3333 PEDRO                                                                 4 TEU                                                                                                                                                                                                                                                                                                                                                                                                                              
      4444 MAR??A                                                                7 TU                                                                                                                                                                                                                                                                                                                                                                                                                               
      5555 IVAN                                                                  1 CEU                                                                                                                                                                                                                                                                                                                                                                                                                              
      6666 CARMEN                                                                3 CD                                                                                                                                                                                                                                                                                                                                                                                                                               
      7777 MARIO                                                                 2 TU                                                                                                                                                                                                                                                                                                                                                                                                                               
      8888 FRANCISCO                                                             5 TU                                                                                                                                                                                                                                                                                                                                                                                                                               
      9999 ANGELA                                                                8 TEU                                                                                                                                                                                                                                                                                                                                                                                                                              
      1010 DAVID                                                                 4 TU                                                                                                                                                                                                                                                                                                                                                                                                                               
      2020 SOLEDAD                                                               7 CU                                                                                                                                                                                                                                                                                                                                                                                                                               
      3030 JOSE MANUEL                                                           6 TEU                                                                                                                                                                                                                                                                                                                                                                                                                              

12 rows selected.

SQL> inset into PROFESOR (*)
SP2-0734: unknown command beginning "inset into..." - rest of line ignored.
SQL> INSERT
  2  INTO
  3  PROFESOR
  4  (*)
  5  VALUES
  6  (440,'CARMELO',7,'TU')
  7  ;
(*)
 *
ERROR at line 4:
ORA-00928: missing SELECT keyword 


SQL> INSERT
  2  INTO PROFESOR (DNI,P,CAR,CAT)
  3  VALUES(440,'CARMELO',7,'TU');

1 row created.

SQL> select * from PROFESOR;

       DNI P                                                                   CAR CAT                                                                                                                                                                                                                                                                                                                                                                                                                              
---------- ------------------------------------------------------------ ---------- -----                                                                                                                                                                                                                                                                                                                                                                                                                            
       440 CARMELO                                                               7 TU                                                                                                                                                                                                                                                                                                                                                                                                                               
      1111 JUAN                                                                  6 CU                                                                                                                                                                                                                                                                                                                                                                                                                               
      2222 CARLOS                                                                7 TU                                                                                                                                                                                                                                                                                                                                                                                                                               
      3333 PEDRO                                                                 4 TEU                                                                                                                                                                                                                                                                                                                                                                                                                              
      4444 MAR??A                                                                7 TU                                                                                                                                                                                                                                                                                                                                                                                                                               
      5555 IVAN                                                                  1 CEU                                                                                                                                                                                                                                                                                                                                                                                                                              
      6666 CARMEN                                                                3 CD                                                                                                                                                                                                                                                                                                                                                                                                                               
      7777 MARIO                                                                 2 TU                                                                                                                                                                                                                                                                                                                                                                                                                               
      8888 FRANCISCO                                                             5 TU                                                                                                                                                                                                                                                                                                                                                                                                                               
      9999 ANGELA                                                                8 TEU                                                                                                                                                                                                                                                                                                                                                                                                                              
      1010 DAVID                                                                 4 TU                                                                                                                                                                                                                                                                                                                                                                                                                               
      2020 SOLEDAD                                                               7 CU                                                                                                                                                                                                                                                                                                                                                                                                                               
      3030 JOSE MANUEL                                                           6 TEU                                                                                                                                                                                                                                                                                                                                                                                                                              

13 rows selected.

SQL> UNDO
SP2-0042: unknown command "UNDO" - rest of line ignored.
SQL> rowback
SP2-0042: unknown command "rowback" - rest of line ignored.
SQL> rollback
  2  ;

Rollback complete.

SQL> select * from PROFESOR;

       DNI P                                                                   CAR CAT                                                                                                                                                                                                                                                                                                                                                                                                                              
---------- ------------------------------------------------------------ ---------- -----                                                                                                                                                                                                                                                                                                                                                                                                                            
      1111 JUAN                                                                  6 CU                                                                                                                                                                                                                                                                                                                                                                                                                               
      2222 CARLOS                                                                7 TU                                                                                                                                                                                                                                                                                                                                                                                                                               
      3333 PEDRO                                                                 4 TEU                                                                                                                                                                                                                                                                                                                                                                                                                              
      4444 MAR??A                                                                7 TU                                                                                                                                                                                                                                                                                                                                                                                                                               
      5555 IVAN                                                                  1 CEU                                                                                                                                                                                                                                                                                                                                                                                                                              
      6666 CARMEN                                                                3 CD                                                                                                                                                                                                                                                                                                                                                                                                                               
      7777 MARIO                                                                 2 TU                                                                                                                                                                                                                                                                                                                                                                                                                               
      8888 FRANCISCO                                                             5 TU                                                                                                                                                                                                                                                                                                                                                                                                                               
      9999 ANGELA                                                                8 TEU                                                                                                                                                                                                                                                                                                                                                                                                                              
      1010 DAVID                                                                 4 TU                                                                                                                                                                                                                                                                                                                                                                                                                               
      2020 SOLEDAD                                                               7 CU                                                                                                                                                                                                                                                                                                                                                                                                                               
      3030 JOSE MANUEL                                                           6 TEU                                                                                                                                                                                                                                                                                                                                                                                                                              

12 rows selected.

SQL> INSERT INTO PROFESOR (DNI,P,CAR,CAT) VALUES(4040,'CARMELO',7,'TU');

1 row created.

SQL> COMMIT
  2  ;

Commit complete.

SQL> INSERT INTO PROFESOR (DNI,P,CAR,CAT) VALUES(5050,'CARINA',9,'CEU');
INSERT INTO PROFESOR (DNI,P,CAR,CAT) VALUES(5050,'CARINA',9,'CEU')
*
ERROR at line 1:
ORA-02291: integrity constraint (ALU0101105802.SYS_C00138525) violated - parent key not found 


SQL> EL CAR 9 NO EXITE*****************************************************************
SP2-0734: unknown command beginning "EL CAR 9 N..." - rest of line ignored.
SQL> INSERT INTO PROFESOR (DNI,P,CAR,CAT) VALUES(5050,'CARINA',8,'CEU');

1 row created.

SQL> select * from PROFESOR;

       DNI P                                                                   CAR CAT                                                                                                                                                                                                                                                                                                                                                                                                                              
---------- ------------------------------------------------------------ ---------- -----                                                                                                                                                                                                                                                                                                                                                                                                                            
      4040 CARMELO                                                               7 TU                                                                                                                                                                                                                                                                                                                                                                                                                               
      5050 CARINA                                                                8 CEU                                                                                                                                                                                                                                                                                                                                                                                                                              
      1111 JUAN                                                                  6 CU                                                                                                                                                                                                                                                                                                                                                                                                                               
      2222 CARLOS                                                                7 TU                                                                                                                                                                                                                                                                                                                                                                                                                               
      3333 PEDRO                                                                 4 TEU                                                                                                                                                                                                                                                                                                                                                                                                                              
      4444 MAR??A                                                                7 TU                                                                                                                                                                                                                                                                                                                                                                                                                               
      5555 IVAN                                                                  1 CEU                                                                                                                                                                                                                                                                                                                                                                                                                              
      6666 CARMEN                                                                3 CD                                                                                                                                                                                                                                                                                                                                                                                                                               
      7777 MARIO                                                                 2 TU                                                                                                                                                                                                                                                                                                                                                                                                                               
      8888 FRANCISCO                                                             5 TU                                                                                                                                                                                                                                                                                                                                                                                                                               
      9999 ANGELA                                                                8 TEU                                                                                                                                                                                                                                                                                                                                                                                                                              
      1010 DAVID                                                                 4 TU                                                                                                                                                                                                                                                                                                                                                                                                                               
      2020 SOLEDAD                                                               7 CU                                                                                                                                                                                                                                                                                                                                                                                                                               
      3030 JOSE MANUEL                                                           6 TEU                                                                                                                                                                                                                                                                                                                                                                                                                              

14 rows selected.

SQL> select * from PROFESOR;

       DNI P                                                                   CAR CAT                                                                                                                                                                                                                                                                                                                                                                                                                              
---------- ------------------------------------------------------------ ---------- -----                                                                                                                                                                                                                                                                                                                                                                                                                            
      4040 CARMELO                                                               7 TU                                                                                                                                                                                                                                                                                                                                                                                                                               
      5050 CARINA                                                                8 CEU                                                                                                                                                                                                                                                                                                                                                                                                                              
      1111 JUAN                                                                  6 CU                                                                                                                                                                                                                                                                                                                                                                                                                               
      2222 CARLOS                                                                7 TU                                                                                                                                                                                                                                                                                                                                                                                                                               
      3333 PEDRO                                                                 4 TEU                                                                                                                                                                                                                                                                                                                                                                                                                              
      4444 MAR??A                                                                7 TU                                                                                                                                                                                                                                                                                                                                                                                                                               
      5555 IVAN                                                                  1 CEU                                                                                                                                                                                                                                                                                                                                                                                                                              
      6666 CARMEN                                                                3 CD                                                                                                                                                                                                                                                                                                                                                                                                                               
      7777 MARIO                                                                 2 TU                                                                                                                                                                                                                                                                                                                                                                                                                               
      8888 FRANCISCO                                                             5 TU                                                                                                                                                                                                                                                                                                                                                                                                                               
      9999 ANGELA                                                                8 TEU                                                                                                                                                                                                                                                                                                                                                                                                                              
      1010 DAVID                                                                 4 TU                                                                                                                                                                                                                                                                                                                                                                                                                               
      2020 SOLEDAD                                                               7 CU                                                                                                                                                                                                                                                                                                                                                                                                                               
      3030 JOSE MANUEL                                                           6 TEU                                                                                                                                                                                                                                                                                                                                                                                                                              

14 rows selected.

SQL> ******************pregunta 13 se queda esperando a terminar la transaccion de la secion 1*********************
SP2-0734: unknown command beginning "**********..." - rest of line ignored.
SQL> COMMIT
  2  ;

Commit complete.

SQL> select * from PLAN_DOCENTE;

       DNI        CAS        CTA        CPA        CLA FI        FF                                                                                                                                                                                                                                                                                                                                                                                                                                                 
---------- ---------- ---------- ---------- ---------- --------- ---------                                                                                                                                                                                                                                                                                                                                                                                                                                          
      4444          1          3        1.5        1.5 01-SEP-11                                                                                                                                                                                                                                                                                                                                                                                                                                                    
      4444          4        1.5          0        1.5 01-SEP-08 31-AUG-10                                                                                                                                                                                                                                                                                                                                                                                                                                          
      4444          5          3          0          0 01-SEP-10                                                                                                                                                                                                                                                                                                                                                                                                                                                    
      1111          8          3        1.5        1.5 01-SEP-07 31-AUG-09                                                                                                                                                                                                                                                                                                                                                                                                                                          
      1111          8          3          0          0 01-SEP-09                                                                                                                                                                                                                                                                                                                                                                                                                                                    
      3030          8          0        1.5        1.5 01-SEP-09                                                                                                                                                                                                                                                                                                                                                                                                                                                    
      2222          4        1.5          0        1.5 01-SEP-09                                                                                                                                                                                                                                                                                                                                                                                                                                                    
      2222          3        1.5          0        1.5 01-SEP-06 31-AUG-07                                                                                                                                                                                                                                                                                                                                                                                                                                          
      1010          2        1.5        1.5          3 01-SEP-05 31-AUG-08                                                                                                                                                                                                                                                                                                                                                                                                                                          
      3333          2        1.5        1.5          3 01-SEP-08                                                                                                                                                                                                                                                                                                                                                                                                                                                    
      1010          9          3          0          3 01-SEP-08 31-AUG-09                                                                                                                                                                                                                                                                                                                                                                                                                                          
      1010          9        1.5          0        1.5 01-SEP-09                                                                                                                                                                                                                                                                                                                                                                                                                                                    
      9999          7          3          3          0 01-SEP-10                                                                                                                                                                                                                                                                                                                                                                                                                                                    
      5555          6          3          3          0 31-MAR-10                                                                                                                                                                                                                                                                                                                                                                                                                                                    
      6666         10          3        1.5        1.5 01-SEP-08 31-AUG-11                                                                                                                                                                                                                                                                                                                                                                                                                                          
      8888         11          6          0          0 01-SEP-09                                                                                                                                                                                                                                                                                                                                                                                                                                                    
      2020          3        1.5          0        1.5 01-SEP-08                                                                                                                                                                                                                                                                                                                                                                                                                                                    
      7777         12        4.5          3          0 01-SEP-10                                                                                                                                                                                                                                                                                                               